[INFO] [Render] Pipeline started {"renderJobId":"32ce3c13-3d1f-4339-bac1-ae51091dc658","platform":"win32","arch":"x64","nodeVersion":"v24.19.0","fps":{"num":24,"den":1},"format":"mp4","quality":"standard","browserGpuMode":"auto","forceScreenshot":false,"protocolTimeout":300000,"browserTimeout":120000,"pageNavigationTimeout":60000,"playerReadyTimeout":45000}
[INFO] [Render:trace] {"renderJobId":"32ce3c13-3d1f-4339-bac1-ae51091dc658","phase":"pipeline","status":"checkpoint","elapsedMs":4,"message":"started","format":"mp4","quality":"standard","browserGpuMode":"auto","forceScreenshot":false,"protocolTimeoutMs":300000,"pageNavigationTimeoutMs":60000,"playerReadyTimeoutMs":45000,"requestedWorkers":6}
[INFO] [Render:trace] {"renderJobId":"32ce3c13-3d1f-4339-bac1-ae51091dc658","phase":"compile","status":"start","elapsedMs":6,"needsAlpha":false}
[INFO] [Render] Fast capture: composition root's ancestors (body/html/wrapper) carry a background-image — disabling drawElementImage for this render. Capture uses the platform's baseline route. {"renderJobId":"32ce3c13-3d1f-4339-bac1-ae51091dc658"}
[INFO] Compiled composition metadata {"renderJobId":"32ce3c13-3d1f-4339-bac1-ae51091dc658","entryFile":"index.html","staticDuration":102.81,"width":1920,"height":1080,"videoCount":0,"audioCount":1,"renderModeHints":{"recommendScreenshot":false,"reasons":[]}}
[INFO] [Render:trace] {"renderJobId":"32ce3c13-3d1f-4339-bac1-ae51091dc658","phase":"compile","status":"end","elapsedMs":147,"durationMs":141,"needsAlpha":false}
[INFO] [Render:trace] {"renderJobId":"32ce3c13-3d1f-4339-bac1-ae51091dc658","phase":"compile","status":"checkpoint","elapsedMs":147,"message":"composition metadata resolved","width":1920,"height":1080,"videoCount":0,"audioCount":1,"imageCount":0,"deviceScaleFactor":1,"forceScreenshot":false,"compositionHash":"e77e935276c06895"}
[INFO] [Render:trace] {"renderJobId":"32ce3c13-3d1f-4339-bac1-ae51091dc658","phase":"browser_probe","status":"start","elapsedMs":148,"forceScreenshot":false,"stagePhase":"calibrating"}
[INFO] [Render:trace] {"renderJobId":"32ce3c13-3d1f-4339-bac1-ae51091dc658","phase":"browser_probe","status":"end","elapsedMs":159,"durationMs":11,"forceScreenshot":false,"stagePhase":"calibrating"}
[INFO] [Render:trace] {"renderJobId":"32ce3c13-3d1f-4339-bac1-ae51091dc658","phase":"browser_probe","status":"checkpoint","elapsedMs":160,"message":"duration resolved","durationSeconds":102.81,"totalFrames":2468,"compositionHash":"e77e935276c06895","beginFrameStalled":false}
[INFO] [Render:trace] {"renderJobId":"32ce3c13-3d1f-4339-bac1-ae51091dc658","phase":"video_extract","status":"start","elapsedMs":160,"videoCount":0}
[INFO] [Render:trace] {"renderJobId":"32ce3c13-3d1f-4339-bac1-ae51091dc658","phase":"video_extract","status":"end","elapsedMs":161,"durationMs":1,"videoCount":0}
[INFO] [Render:trace] {"renderJobId":"32ce3c13-3d1f-4339-bac1-ae51091dc658","phase":"video_extract","status":"checkpoint","elapsedMs":164,"message":"frames resolved","videoCount":0,"extractedVideoCount":0,"totalFramesExtracted":0,"maxFramesPerVideo":0,"avgFramesPerExtractedVideo":null,"vfrPreflightCount":null,"vfrPreflightMs":null,"cacheHits":null,"cacheMisses":null,"transientRetries":null,"minVideoFrameCoverageRatio":null,"authoredTimedClipCount":9}
[INFO] [Render] No HDR sources detected — rendering SDR {"renderJobId":"32ce3c13-3d1f-4339-bac1-ae51091dc658"}
[INFO] [Render:trace] {"renderJobId":"32ce3c13-3d1f-4339-bac1-ae51091dc658","phase":"hdr_detection","status":"checkpoint","elapsedMs":165,"message":"resolved","requestedHdrMode":"auto","effectiveHdr":"sdr","nativeHdrVideoCount":0,"nativeHdrImageCount":0}
[INFO] [Render:trace] {"renderJobId":"32ce3c13-3d1f-4339-bac1-ae51091dc658","phase":"audio_process","status":"start","elapsedMs":165,"audioCount":1}
[INFO] [Render:trace] {"renderJobId":"32ce3c13-3d1f-4339-bac1-ae51091dc658","phase":"audio_process","status":"end","elapsedMs":3616,"durationMs":3451,"audioCount":1}
[INFO] [Render:trace] {"renderJobId":"32ce3c13-3d1f-4339-bac1-ae51091dc658","phase":"file_server","status":"start","elapsedMs":3617,"reused":false}
[INFO] [Render:trace] {"renderJobId":"32ce3c13-3d1f-4339-bac1-ae51091dc658","phase":"file_server","status":"end","elapsedMs":3654,"durationMs":37}
[hyperframes] browserGpuMode probe → hardware (WebGL renderer vendor="Google Inc. (NVIDIA)" renderer="ANGLE (NVIDIA, NVIDIA GeForce RTX 3050 Laptop GPU (0x000025A2) Direct3D11 vs_5_0 ps_5_0, D3D11)")
[INFO] [Render:trace] {"renderJobId":"32ce3c13-3d1f-4339-bac1-ae51091dc658","phase":"capture_calibration","status":"checkpoint","elapsedMs":5085,"message":"skipped","requestedWorkers":6,"totalFrames":2468,"htmlInCanvasDetected":false,"lowMemoryMode":false,"deInversionEligible":false,"deParallelRouterEligible":false}
[INFO] [Render:trace] {"renderJobId":"32ce3c13-3d1f-4339-bac1-ae51091dc658","phase":"worker_resolution","status":"checkpoint","elapsedMs":5087,"message":"resolved","workerCount":6}
[INFO] streaming-encode gate {"renderJobId":"32ce3c13-3d1f-4339-bac1-ae51091dc658","enabled":false,"configFlag":true,"outputFormat":"mp4","workerCount":6,"durationSeconds":102.81,"maxDurationSeconds":240}
[INFO] [Render:trace] {"renderJobId":"32ce3c13-3d1f-4339-bac1-ae51091dc658","phase":"capture_strategy","status":"checkpoint","elapsedMs":5088,"message":"resolved","workerCount":6,"forceScreenshot":false,"captureBeyondViewport":null,"useStreamingEncode":false,"useLayeredComposite":false,"usePageSideCompositing":false,"hasHdrContent":false,"hasShaderTransitions":false,"isPngSequence":false}
[INFO] [Render:trace] {"renderJobId":"32ce3c13-3d1f-4339-bac1-ae51091dc658","phase":"capture_disk","status":"start","elapsedMs":5088,"stagePhase":"capturing","needsAlpha":false,"workerCount":6,"forceScreenshot":false,"totalFrames":2468,"framesCompleted":0,"captureMode":"beginframe","captureOperation":"beginFrame"}
[INFO] [Render:trace] {"renderJobId":"32ce3c13-3d1f-4339-bac1-ae51091dc658","phase":"capture_disk","status":"checkpoint","elapsedMs":35089,"message":"stage still running","stagePhase":"capturing","needsAlpha":false,"workerCount":6,"forceScreenshot":false,"totalFrames":2468,"framesCompleted":662,"captureMode":"beginframe","captureOperation":"beginFrame","heartbeatIndex":1,"stageElapsedMs":30000}
[INFO] [Render:trace] {"renderJobId":"32ce3c13-3d1f-4339-bac1-ae51091dc658","phase":"capture_disk","status":"checkpoint","elapsedMs":65095,"message":"stage still running","stagePhase":"capturing","needsAlpha":false,"workerCount":6,"forceScreenshot":false,"totalFrames":2468,"framesCompleted":1412,"captureMode":"beginframe","captureOperation":"beginFrame","heartbeatIndex":2,"stageElapsedMs":60007}
[INFO] [Render:trace] {"renderJobId":"32ce3c13-3d1f-4339-bac1-ae51091dc658","phase":"capture_disk","status":"checkpoint","elapsedMs":125110,"message":"stage still running","stagePhase":"capturing","needsAlpha":false,"workerCount":6,"forceScreenshot":false,"totalFrames":2468,"framesCompleted":2468,"captureMode":"beginframe","captureOperation":"encode","heartbeatIndex":3,"stageElapsedMs":120021}
[INFO] [Render:trace] {"renderJobId":"32ce3c13-3d1f-4339-bac1-ae51091dc658","phase":"capture_disk","status":"end","elapsedMs":137452,"durationMs":132364,"stagePhase":"capturing","needsAlpha":false,"workerCount":6,"forceScreenshot":false,"totalFrames":2468,"framesCompleted":2468,"captureMode":"beginframe","captureOperation":"encode"}
[INFO] [Render:trace] {"renderJobId":"32ce3c13-3d1f-4339-bac1-ae51091dc658","phase":"encode","status":"start","elapsedMs":137453,"stagePhase":"capturing","hasAudio":true,"isPngSequence":false,"isGif":false,"chunkedEncode":false,"workerCount":6,"forceScreenshot":false,"totalFrames":2468,"framesCompleted":2468,"captureMode":"beginframe","captureOperation":"encode"}
[INFO] [Render:trace] {"renderJobId":"32ce3c13-3d1f-4339-bac1-ae51091dc658","phase":"encode","status":"end","elapsedMs":166555,"durationMs":29102,"stagePhase":"capturing","hasAudio":true,"isPngSequence":false,"isGif":false,"chunkedEncode":false,"workerCount":6,"forceScreenshot":false,"totalFrames":2468,"framesCompleted":2468,"captureMode":"beginframe","captureOperation":"encode"}
[INFO] [Render:trace] {"renderJobId":"32ce3c13-3d1f-4339-bac1-ae51091dc658","phase":"assemble","status":"start","elapsedMs":166557,"stagePhase":"capturing","hasAudio":true,"workerCount":6,"forceScreenshot":false,"totalFrames":2468,"framesCompleted":2468,"captureMode":"beginframe","captureOperation":"encode"}
[INFO] [Render:trace] {"renderJobId":"32ce3c13-3d1f-4339-bac1-ae51091dc658","phase":"assemble","status":"end","elapsedMs":169716,"durationMs":3159,"stagePhase":"capturing","hasAudio":true,"workerCount":6,"forceScreenshot":false,"totalFrames":2468,"framesCompleted":2468,"captureMode":"beginframe","captureOperation":"encode"}
[INFO] [Render:trace] {"renderJobId":"32ce3c13-3d1f-4339-bac1-ae51091dc658","phase":"pipeline","status":"checkpoint","elapsedMs":169792,"message":"artifact validated","totalElapsedMs":169717}
